Testing URL: https://openrouter.ai/api/v1/chat/completions
Using Key: sk-or-v1-3...
Status Code: 400
Response: {"error":{"message":"google/gemini-2.0-flash-lite-preview-02-05:free is not a valid model ID","code":400},"user_id":"user_3A5ynv2TB7WlObyUop97ii5fFlL"}
